============================================================
TRANSLATION PIPELINE - 1 PAGE AT A TIME
Model: arcee-ai/trinity-large-preview:free
============================================================

Progress: 0/2017 pages already translated
Pages remaining: 2017
Page 1: empty, skipped
Page 2: empty, skipped
Page 3 (3/2017) | 1,291 chars... done in 9.4s | Total: 3/2017
Page 4 (4/2017) | 993 chars... done in 9.5s | Total: 4/2017
Page 5 (5/2017) | 915 chars... done in 61.0s | Total: 5/2017
Page 6 (6/2017) | 1,056 chars... done in 7.9s | Total: 6/2017
Page 7 (7/2017) | 638 chars... done in 21.8s | Total: 7/2017
Page 8 (8/2017) | 1,624 chars... done in 7.7s | Total: 8/2017
Page 9 (9/2017) | 2,202 chars... done in 10.2s | Total: 9/2017
Page 10 (10/2017) | 2,102 chars... done in 9.9s | Total: 10/2017
Page 11 (11/2017) | 2,082 chars... done in 80.5s | Total: 11/2017
Page 12 (12/2017) | 1,802 chars... done in 9.3s | Total: 12/2017
Page 13 (13/2017) | 2,133 chars... done in 70.8s | Total: 13/2017
Page 14 (14/2017) | 1,970 chars... done in 10.8s | Total: 14/2017
Page 15 (15/2017) | 1,948 chars... done in 56.8s | Total: 15/2017
Page 16 (16/2017) | 2,194 chars... done in 9.7s | Total: 16/2017
Page 17 (17/2017) | 2,150 chars... done in 87.4s | Total: 17/2017
Page 18 (18/2017) | 2,194 chars... done in 12.2s | Total: 18/2017
Page 19 (19/2017) | 2,198 chars... done in 11.6s | Total: 19/2017
Page 20 (20/2017) | 2,142 chars... done in 9.6s | Total: 20/2017
Page 21 (21/2017) | 1,899 chars... done in 9.7s | Total: 21/2017
Page 22 (22/2017) | 2,094 chars... done in 41.3s | Total: 22/2017
Page 23 (23/2017) | 2,193 chars... done in 10.4s | Total: 23/2017
Page 24 (24/2017) | 1,887 chars... done in 41.6s | Total: 24/2017
Page 25 (25/2017) | 1,972 chars... done in 12.4s | Total: 25/2017
Page 26: empty, skipped
Page 27: empty, skipped
Page 28 (28/2017) | 1,113 chars... done in 47.5s | Total: 28/2017
Page 29 (29/2017) | 1,642 chars... done in 66.4s | Total: 29/2017
Page 30 (30/2017) | 1,456 chars... done in 10.9s | Total: 30/2017
Page 31 (31/2017) | 2,213 chars... done in 13.3s | Total: 31/2017
Page 32 (32/2017) | 1,517 chars... done in 50.5s | Total: 32/2017
Page 33 (33/2017) | 1,156 chars... done in 7.3s | Total: 33/2017
Page 34 (34/2017) | 2,017 chars... done in 13.4s | Total: 34/2017
Page 35 (35/2017) | 1,214 chars... done in 7.8s | Total: 35/2017
Page 36 (36/2017) | 1,702 chars... done in 56.0s | Total: 36/2017
Page 37 (37/2017) | 2,448 chars... done in 17.3s | Total: 37/2017
Page 38 (38/2017) | 1,321 chars... done in 6.9s | Total: 38/2017
Page 39 (39/2017) | 1,264 chars... done in 43.5s | Total: 39/2017
Page 40 (40/2017) | 1,265 chars... done in 39.4s | Total: 40/2017
Page 41 (41/2017) | 1,398 chars... done in 5.9s | Total: 41/2017
Page 42 (42/2017) | 1,311 chars... done in 6.3s | Total: 42/2017
Page 43 (43/2017) | 1,212 chars... done in 41.0s | Total: 43/2017
Page 44 (44/2017) | 1,312 chars... done in 64.6s | Total: 44/2017
Page 45 (45/2017) | 1,262 chars... done in 7.2s | Total: 45/2017
Page 46 (46/2017) | 1,236 chars... done in 32.8s | Total: 46/2017
Page 47 (47/2017) | 995 chars... done in 45.4s | Total: 47/2017
Page 48 (48/2017) | 1,295 chars... done in 6.7s | Total: 48/2017
Page 49 (49/2017) | 1,389 chars... done in 6.9s | Total: 49/2017
Page 50 (50/2017) | 1,367 chars... done in 9.6s | Total: 50/2017
Page 51 (51/2017) | 1,249 chars... done in 53.3s | Total: 51/2017
Page 52 (52/2017) | 921 chars... done in 34.1s | Total: 52/2017
Page 53 (53/2017) | 1,227 chars... done in 7.0s | Total: 53/2017
Page 54 (54/2017) | 1,009 chars... done in 52.6s | Total: 54/2017
Page 55 (55/2017) | 1,374 chars...    HTTP 429: {"error":{"message":"Rate limit exceeded: free-models-per-day. Add 10 credits to unlock 1000 free model requests per day","code":429,"metadata":{"headers":{"X-RateLimit-Limit":"50","X-RateLimit-Remain
   Rate limited, waiting 15s...
   HTTP 429: {"error":{"message":"Rate limit exceeded: free-models-per-day. Add 10 credits to unlock 1000 free model requests per day","code":429,"metadata":{"headers":{"X-RateLimit-Limit":"50","X-RateLimit-Remain
   Rate limited, waiting 15s...
   HTTP 429: {"error":{"message":"Rate limit exceeded: free-models-per-day. Add 10 credits to unlock 1000 free model requests per day","code":429,"metadata":{"headers":{"X-RateLimit-Limit":"50","X-RateLimit-Remain
   Rate limited, waiting 15s...
FAILED - skipping
Page 56 (56/2017) | 5,005 chars...    HTTP 429: {"error":{"message":"Rate limit exceeded: free-models-per-day. Add 10 credits to unlock 1000 free model requests per day","code":429,"metadata":{"headers":{"X-RateLimit-Limit":"50","X-RateLimit-Remain
   Rate limited, waiting 15s...
   HTTP 429: {"error":{"message":"Rate limit exceeded: free-models-per-day. Add 10 credits to unlock 1000 free model requests per day","code":429,"metadata":{"headers":{"X-RateLimit-Limit":"50","X-RateLimit-Remain
   Rate limited, waiting 15s...
   HTTP 429: {"error":{"message":"Rate limit exceeded: free-models-per-day. Add 10 credits to unlock 1000 free model requests per day","code":429,"metadata":{"headers":{"X-RateLimit-Limit":"50","X-RateLimit-Remain
   Rate limited, waiting 15s...
FAILED - skipping
Page 57 (57/2017) | 2,017 chars...    HTTP 429: {"error":{"message":"Rate limit exceeded: free-models-per-day. Add 10 credits to unlock 1000 free model requests per day","code":429,"metadata":{"headers":{"X-RateLimit-Limit":"50","X-RateLimit-Remain
   Rate limited, waiting 15s...
   HTTP 429: {"error":{"message":"Rate limit exceeded: free-models-per-day. Add 10 credits to unlock 1000 free model requests per day","code":429,"metadata":{"headers":{"X-RateLimit-Limit":"50","X-RateLimit-Remain
   Rate limited, waiting 15s...
   HTTP 429: {"error":{"message":"Rate limit exceeded: free-models-per-day. Add 10 credits to unlock 1000 free model requests per day","code":429,"metadata":{"headers":{"X-RateLimit-Limit":"50","X-RateLimit-Remain
   Rate limited, waiting 15s...
FAILED - skipping
Page 58 (58/2017) | 1,727 chars...    HTTP 429: {"error":{"message":"Rate limit exceeded: free-models-per-day. Add 10 credits to unlock 1000 free model requests per day","code":429,"metadata":{"headers":{"X-RateLimit-Limit":"50","X-RateLimit-Remain
   Rate limited, waiting 15s...
   HTTP 429: {"error":{"message":"Rate limit exceeded: free-models-per-day. Add 10 credits to unlock 1000 free model requests per day","code":429,"metadata":{"headers":{"X-RateLimit-Limit":"50","X-RateLimit-Remain
   Rate limited, waiting 15s...
   HTTP 429: {"error":{"message":"Rate limit exceeded: free-models-per-day. Add 10 credits to unlock 1000 free model requests per day","code":429,"metadata":{"headers":{"X-RateLimit-Limit":"50","X-RateLimit-Remain
   Rate limited, waiting 15s...
FAILED - skipping
Page 59 (59/2017) | 6,843 chars...    HTTP 429: {"error":{"message":"Rate limit exceeded: free-models-per-day. Add 10 credits to unlock 1000 free model requests per day","code":429,"metadata":{"headers":{"X-RateLimit-Limit":"50","X-RateLimit-Remain
   Rate limited, waiting 15s...
   HTTP 429: {"error":{"message":"Rate limit exceeded: free-models-per-day. Add 10 credits to unlock 1000 free model requests per day","code":429,"metadata":{"headers":{"X-RateLimit-Limit":"50","X-RateLimit-Remain
   Rate limited, waiting 15s...
   HTTP 429: {"error":{"message":"Rate limit exceeded: free-models-per-day. Add 10 credits to unlock 1000 free model requests per day","code":429,"metadata":{"headers":{"X-RateLimit-Limit":"50","X-RateLimit-Remain
   Rate limited, waiting 15s...
FAILED - skipping
Page 60 (60/2017) | 1,735 chars...    HTTP 429: {"error":{"message":"Rate limit exceeded: free-models-per-day. Add 10 credits to unlock 1000 free model requests per day","code":429,"metadata":{"headers":{"X-RateLimit-Limit":"50","X-RateLimit-Remain
   Rate limited, waiting 15s...
   HTTP 429: {"error":{"message":"Rate limit exceeded: free-models-per-day. Add 10 credits to unlock 1000 free model requests per day","code":429,"metadata":{"headers":{"X-RateLimit-Limit":"50","X-RateLimit-Remain
   Rate limited, waiting 15s...
   HTTP 429: {"error":{"message":"Rate limit exceeded: free-models-per-day. Add 10 credits to unlock 1000 free model requests per day","code":429,"metadata":{"headers":{"X-RateLimit-Limit":"50","X-RateLimit-Remain
   Rate limited, waiting 15s...
FAILED - skipping
Page 61 (61/2017) | 3,979 chars...    HTTP 429: {"error":{"message":"Rate limit exceeded: free-models-per-day. Add 10 credits to unlock 1000 free model requests per day","code":429,"metadata":{"headers":{"X-RateLimit-Limit":"50","X-RateLimit-Remain
   Rate limited, waiting 15s...
   HTTP 429: {"error":{"message":"Rate limit exceeded: free-models-per-day. Add 10 credits to unlock 1000 free model requests per day","code":429,"metadata":{"headers":{"X-RateLimit-Limit":"50","X-RateLimit-Remain
   Rate limited, waiting 15s...
   HTTP 429: {"error":{"message":"Rate limit exceeded: free-models-per-day. Add 10 credits to unlock 1000 free model requests per day","code":429,"metadata":{"headers":{"X-RateLimit-Limit":"50","X-RateLimit-Remain
   Rate limited, waiting 15s...
FAILED - skipping
Page 62 (62/2017) | 2,038 chars...    HTTP 429: {"error":{"message":"Rate limit exceeded: free-models-per-day. Add 10 credits to unlock 1000 free model requests per day","code":429,"metadata":{"headers":{"X-RateLimit-Limit":"50","X-RateLimit-Remain
   Rate limited, waiting 15s...
   HTTP 429: {"error":{"message":"Rate limit exceeded: free-models-per-day. Add 10 credits to unlock 1000 free model requests per day","code":429,"metadata":{"headers":{"X-RateLimit-Limit":"50","X-RateLimit-Remain
   Rate limited, waiting 15s...
   HTTP 429: {"error":{"message":"Rate limit exceeded: free-models-per-day. Add 10 credits to unlock 1000 free model requests per day","code":429,"metadata":{"headers":{"X-RateLimit-Limit":"50","X-RateLimit-Remain
   Rate limited, waiting 15s...
FAILED - skipping
Page 63 (63/2017) | 3,495 chars...    HTTP 429: {"error":{"message":"Rate limit exceeded: free-models-per-day. Add 10 credits to unlock 1000 free model requests per day","code":429,"metadata":{"headers":{"X-RateLimit-Limit":"50","X-RateLimit-Remain
   Rate limited, waiting 15s...
   HTTP 429: {"error":{"message":"Rate limit exceeded: free-models-per-day. Add 10 credits to unlock 1000 free model requests per day","code":429,"metadata":{"headers":{"X-RateLimit-Limit":"50","X-RateLimit-Remain
   Rate limited, waiting 15s...
   HTTP 429: {"error":{"message":"Rate limit exceeded: free-models-per-day. Add 10 credits to unlock 1000 free model requests per day","code":429,"metadata":{"headers":{"X-RateLimit-Limit":"50","X-RateLimit-Remain
   Rate limited, waiting 15s...
FAILED - skipping
Page 64 (64/2017) | 2,330 chars...    HTTP 429: {"error":{"message":"Rate limit exceeded: free-models-per-day. Add 10 credits to unlock 1000 free model requests per day","code":429,"metadata":{"headers":{"X-RateLimit-Limit":"50","X-RateLimit-Remain
   Rate limited, waiting 15s...
   HTTP 429: {"error":{"message":"Rate limit exceeded: free-models-per-day. Add 10 credits to unlock 1000 free model requests per day","code":429,"metadata":{"headers":{"X-RateLimit-Limit":"50","X-RateLimit-Remain
   Rate limited, waiting 15s...
   HTTP 429: {"error":{"message":"Rate limit exceeded: free-models-per-day. Add 10 credits to unlock 1000 free model requests per day","code":429,"metadata":{"headers":{"X-RateLimit-Limit":"50","X-RateLimit-Remain
   Rate limited, waiting 15s...
FAILED - skipping
Page 65 (65/2017) | 2,489 chars...    HTTP 429: {"error":{"message":"Rate limit exceeded: free-models-per-day. Add 10 credits to unlock 1000 free model requests per day","code":429,"metadata":{"headers":{"X-RateLimit-Limit":"50","X-RateLimit-Remain
   Rate limited, waiting 15s...
   HTTP 429: {"error":{"message":"Rate limit exceeded: free-models-per-day. Add 10 credits to unlock 1000 free model requests per day","code":429,"metadata":{"headers":{"X-RateLimit-Limit":"50","X-RateLimit-Remain
   Rate limited, waiting 15s...
   HTTP 429: {"error":{"message":"Rate limit exceeded: free-models-per-day. Add 10 credits to unlock 1000 free model requests per day","code":429,"metadata":{"headers":{"X-RateLimit-Limit":"50","X-RateLimit-Remain
   Rate limited, waiting 15s...
FAILED - skipping
Page 66 (66/2017) | 2,173 chars...    HTTP 429: {"error":{"message":"Rate limit exceeded: free-models-per-day. Add 10 credits to unlock 1000 free model requests per day","code":429,"metadata":{"headers":{"X-RateLimit-Limit":"50","X-RateLimit-Remain
   Rate limited, waiting 15s...
   HTTP 429: {"error":{"message":"Rate limit exceeded: free-models-per-day. Add 10 credits to unlock 1000 free model requests per day","code":429,"metadata":{"headers":{"X-RateLimit-Limit":"50","X-RateLimit-Remain
   Rate limited, waiting 15s...
   HTTP 429: {"error":{"message":"Rate limit exceeded: free-models-per-day. Add 10 credits to unlock 1000 free model requests per day","code":429,"metadata":{"headers":{"X-RateLimit-Limit":"50","X-RateLimit-Remain
   Rate limited, waiting 15s...
FAILED - skipping
Page 67 (67/2017) | 968 chars...    HTTP 429: {"error":{"message":"Rate limit exceeded: free-models-per-day. Add 10 credits to unlock 1000 free model requests per day","code":429,"metadata":{"headers":{"X-RateLimit-Limit":"50","X-RateLimit-Remain
   Rate limited, waiting 15s...
   HTTP 429: {"error":{"message":"Rate limit exceeded: free-models-per-day. Add 10 credits to unlock 1000 free model requests per day","code":429,"metadata":{"headers":{"X-RateLimit-Limit":"50","X-RateLimit-Remain
   Rate limited, waiting 15s...
   HTTP 429: {"error":{"message":"Rate limit exceeded: free-models-per-day. Add 10 credits to unlock 1000 free model requests per day","code":429,"metadata":{"headers":{"X-RateLimit-Limit":"50","X-RateLimit-Remain
   Rate limited, waiting 15s...
FAILED - skipping
Page 68 (68/2017) | 2,042 chars...    HTTP 429: {"error":{"message":"Rate limit exceeded: free-models-per-day. Add 10 credits to unlock 1000 free model requests per day","code":429,"metadata":{"headers":{"X-RateLimit-Limit":"50","X-RateLimit-Remain
   Rate limited, waiting 15s...
   HTTP 429: {"error":{"message":"Rate limit exceeded: free-models-per-day. Add 10 credits to unlock 1000 free model requests per day","code":429,"metadata":{"headers":{"X-RateLimit-Limit":"50","X-RateLimit-Remain
   Rate limited, waiting 15s...
   HTTP 429: {"error":{"message":"Rate limit exceeded: free-models-per-day. Add 10 credits to unlock 1000 free model requests per day","code":429,"metadata":{"headers":{"X-RateLimit-Limit":"50","X-RateLimit-Remain
   Rate limited, waiting 15s...
FAILED - skipping
Page 69 (69/2017) | 929 chars...    HTTP 429: {"error":{"message":"Rate limit exceeded: free-models-per-day. Add 10 credits to unlock 1000 free model requests per day","code":429,"metadata":{"headers":{"X-RateLimit-Limit":"50","X-RateLimit-Remain
   Rate limited, waiting 15s...
   HTTP 429: {"error":{"message":"Rate limit exceeded: free-models-per-day. Add 10 credits to unlock 1000 free model requests per day","code":429,"metadata":{"headers":{"X-RateLimit-Limit":"50","X-RateLimit-Remain
   Rate limited, waiting 15s...
   HTTP 429: {"error":{"message":"Rate limit exceeded: free-models-per-day. Add 10 credits to unlock 1000 free model requests per day","code":429,"metadata":{"headers":{"X-RateLimit-Limit":"50","X-RateLimit-Remain
   Rate limited, waiting 15s...
FAILED - skipping
Page 70 (70/2017) | 838 chars...    HTTP 429: {"error":{"message":"Rate limit exceeded: free-models-per-day. Add 10 credits to unlock 1000 free model requests per day","code":429,"metadata":{"headers":{"X-RateLimit-Limit":"50","X-RateLimit-Remain
   Rate limited, waiting 15s...
   HTTP 429: {"error":{"message":"Rate limit exceeded: free-models-per-day. Add 10 credits to unlock 1000 free model requests per day","code":429,"metadata":{"headers":{"X-RateLimit-Limit":"50","X-RateLimit-Remain
   Rate limited, waiting 15s...
   HTTP 429: {"error":{"message":"Rate limit exceeded: free-models-per-day. Add 10 credits to unlock 1000 free model requests per day","code":429,"metadata":{"headers":{"X-RateLimit-Limit":"50","X-RateLimit-Remain
   Rate limited, waiting 15s...
FAILED - skipping
Page 71 (71/2017) | 1,673 chars...    HTTP 429: {"error":{"message":"Rate limit exceeded: free-models-per-day. Add 10 credits to unlock 1000 free model requests per day","code":429,"metadata":{"headers":{"X-RateLimit-Limit":"50","X-RateLimit-Remain
   Rate limited, waiting 15s...
   HTTP 429: {"error":{"message":"Rate limit exceeded: free-models-per-day. Add 10 credits to unlock 1000 free model requests per day","code":429,"metadata":{"headers":{"X-RateLimit-Limit":"50","X-RateLimit-Remain
   Rate limited, waiting 15s...
   HTTP 429: {"error":{"message":"Rate limit exceeded: free-models-per-day. Add 10 credits to unlock 1000 free model requests per day","code":429,"metadata":{"headers":{"X-RateLimit-Limit":"50","X-RateLimit-Remain
   Rate limited, waiting 15s...
FAILED - skipping
Page 72 (72/2017) | 1,436 chars...    HTTP 429: {"error":{"message":"Rate limit exceeded: free-models-per-day. Add 10 credits to unlock 1000 free model requests per day","code":429,"metadata":{"headers":{"X-RateLimit-Limit":"50","X-RateLimit-Remain
   Rate limited, waiting 15s...
   HTTP 429: {"error":{"message":"Rate limit exceeded: free-models-per-day. Add 10 credits to unlock 1000 free model requests per day","code":429,"metadata":{"headers":{"X-RateLimit-Limit":"50","X-RateLimit-Remain
   Rate limited, waiting 15s...
   HTTP 429: {"error":{"message":"Rate limit exceeded: free-models-per-day. Add 10 credits to unlock 1000 free model requests per day","code":429,"metadata":{"headers":{"X-RateLimit-Limit":"50","X-RateLimit-Remain
   Rate limited, waiting 15s...
FAILED - skipping
Page 73 (73/2017) | 1,981 chars...    HTTP 429: {"error":{"message":"Rate limit exceeded: free-models-per-day. Add 10 credits to unlock 1000 free model requests per day","code":429,"metadata":{"headers":{"X-RateLimit-Limit":"50","X-RateLimit-Remain
   Rate limited, waiting 15s...
   HTTP 429: {"error":{"message":"Rate limit exceeded: free-models-per-day. Add 10 credits to unlock 1000 free model requests per day","code":429,"metadata":{"headers":{"X-RateLimit-Limit":"50","X-RateLimit-Remain
   Rate limited, waiting 15s...
   HTTP 429: {"error":{"message":"Rate limit exceeded: free-models-per-day. Add 10 credits to unlock 1000 free model requests per day","code":429,"metadata":{"headers":{"X-RateLimit-Limit":"50","X-RateLimit-Remain
   Rate limited, waiting 15s...
FAILED - skipping
Page 74 (74/2017) | 2,110 chars...    HTTP 429: {"error":{"message":"Rate limit exceeded: free-models-per-day. Add 10 credits to unlock 1000 free model requests per day","code":429,"metadata":{"headers":{"X-RateLimit-Limit":"50","X-RateLimit-Remain
   Rate limited, waiting 15s...
   HTTP 429: {"error":{"message":"Rate limit exceeded: free-models-per-day. Add 10 credits to unlock 1000 free model requests per day","code":429,"metadata":{"headers":{"X-RateLimit-Limit":"50","X-RateLimit-Remain
   Rate limited, waiting 15s...
   HTTP 429: {"error":{"message":"Rate limit exceeded: free-models-per-day. Add 10 credits to unlock 1000 free model requests per day","code":429,"metadata":{"headers":{"X-RateLimit-Limit":"50","X-RateLimit-Remain
   Rate limited, waiting 15s...
FAILED - skipping
Page 75 (75/2017) | 1,213 chars...    HTTP 429: {"error":{"message":"Rate limit exceeded: free-models-per-day. Add 10 credits to unlock 1000 free model requests per day","code":429,"metadata":{"headers":{"X-RateLimit-Limit":"50","X-RateLimit-Remain
   Rate limited, waiting 15s...
   HTTP 429: {"error":{"message":"Rate limit exceeded: free-models-per-day. Add 10 credits to unlock 1000 free model requests per day","code":429,"metadata":{"headers":{"X-RateLimit-Limit":"50","X-RateLimit-Remain
   Rate limited, waiting 15s...
   HTTP 429: {"error":{"message":"Rate limit exceeded: free-models-per-day. Add 10 credits to unlock 1000 free model requests per day","code":429,"metadata":{"headers":{"X-RateLimit-Limit":"50","X-RateLimit-Remain
   Rate limited, waiting 15s...
FAILED - skipping
Page 76 (76/2017) | 1,482 chars...    HTTP 429: {"error":{"message":"Rate limit exceeded: free-models-per-day. Add 10 credits to unlock 1000 free model requests per day","code":429,"metadata":{"headers":{"X-RateLimit-Limit":"50","X-RateLimit-Remain
   Rate limited, waiting 15s...
   HTTP 429: {"error":{"message":"Rate limit exceeded: free-models-per-day. Add 10 credits to unlock 1000 free model requests per day","code":429,"metadata":{"headers":{"X-RateLimit-Limit":"50","X-RateLimit-Remain
   Rate limited, waiting 15s...
   HTTP 429: {"error":{"message":"Rate limit exceeded: free-models-per-day. Add 10 credits to unlock 1000 free model requests per day","code":429,"metadata":{"headers":{"X-RateLimit-Limit":"50","X-RateLimit-Remain
   Rate limited, waiting 15s...
FAILED - skipping
Page 77 (77/2017) | 1,393 chars...    HTTP 429: {"error":{"message":"Rate limit exceeded: free-models-per-day. Add 10 credits to unlock 1000 free model requests per day","code":429,"metadata":{"headers":{"X-RateLimit-Limit":"50","X-RateLimit-Remain
   Rate limited, waiting 15s...
   HTTP 429: {"error":{"message":"Rate limit exceeded: free-models-per-day. Add 10 credits to unlock 1000 free model requests per day","code":429,"metadata":{"headers":{"X-RateLimit-Limit":"50","X-RateLimit-Remain
   Rate limited, waiting 15s...
   HTTP 429: {"error":{"message":"Rate limit exceeded: free-models-per-day. Add 10 credits to unlock 1000 free model requests per day","code":429,"metadata":{"headers":{"X-RateLimit-Limit":"50","X-RateLimit-Remain
   Rate limited, waiting 15s...
FAILED - skipping
Page 78 (78/2017) | 1,237 chars...    HTTP 429: {"error":{"message":"Rate limit exceeded: free-models-per-day. Add 10 credits to unlock 1000 free model requests per day","code":429,"metadata":{"headers":{"X-RateLimit-Limit":"50","X-RateLimit-Remain
   Rate limited, waiting 15s...
   HTTP 429: {"error":{"message":"Rate limit exceeded: free-models-per-day. Add 10 credits to unlock 1000 free model requests per day","code":429,"metadata":{"headers":{"X-RateLimit-Limit":"50","X-RateLimit-Remain
   Rate limited, waiting 15s...
   HTTP 429: {"error":{"message":"Rate limit exceeded: free-models-per-day. Add 10 credits to unlock 1000 free model requests per day","code":429,"metadata":{"headers":{"X-RateLimit-Limit":"50","X-RateLimit-Remain
   Rate limited, waiting 15s...
FAILED - skipping
Page 79 (79/2017) | 1,509 chars...    HTTP 429: {"error":{"message":"Rate limit exceeded: free-models-per-day. Add 10 credits to unlock 1000 free model requests per day","code":429,"metadata":{"headers":{"X-RateLimit-Limit":"50","X-RateLimit-Remain
   Rate limited, waiting 15s...
   HTTP 429: {"error":{"message":"Rate limit exceeded: free-models-per-day. Add 10 credits to unlock 1000 free model requests per day","code":429,"metadata":{"headers":{"X-RateLimit-Limit":"50","X-RateLimit-Remain
   Rate limited, waiting 15s...
   HTTP 429: {"error":{"message":"Rate limit exceeded: free-models-per-day. Add 10 credits to unlock 1000 free model requests per day","code":429,"metadata":{"headers":{"X-RateLimit-Limit":"50","X-RateLimit-Remain
   Rate limited, waiting 15s...
FAILED - skipping
Page 80 (80/2017) | 1,201 chars...    HTTP 429: {"error":{"message":"Rate limit exceeded: free-models-per-day. Add 10 credits to unlock 1000 free model requests per day","code":429,"metadata":{"headers":{"X-RateLimit-Limit":"50","X-RateLimit-Remain
   Rate limited, waiting 15s...
   HTTP 429: {"error":{"message":"Rate limit exceeded: free-models-per-day. Add 10 credits to unlock 1000 free model requests per day","code":429,"metadata":{"headers":{"X-RateLimit-Limit":"50","X-RateLimit-Remain
   Rate limited, waiting 15s...
   HTTP 429: {"error":{"message":"Rate limit exceeded: free-models-per-day. Add 10 credits to unlock 1000 free model requests per day","code":429,"metadata":{"headers":{"X-RateLimit-Limit":"50","X-RateLimit-Remain
   Rate limited, waiting 15s...
FAILED - skipping
Page 81 (81/2017) | 1,201 chars...    HTTP 429: {"error":{"message":"Rate limit exceeded: free-models-per-day. Add 10 credits to unlock 1000 free model requests per day","code":429,"metadata":{"headers":{"X-RateLimit-Limit":"50","X-RateLimit-Remain
   Rate limited, waiting 15s...
   HTTP 429: {"error":{"message":"Rate limit exceeded: free-models-per-day. Add 10 credits to unlock 1000 free model requests per day","code":429,"metadata":{"headers":{"X-RateLimit-Limit":"50","X-RateLimit-Remain
   Rate limited, waiting 15s...
   HTTP 429: {"error":{"message":"Rate limit exceeded: free-models-per-day. Add 10 credits to unlock 1000 free model requests per day","code":429,"metadata":{"headers":{"X-RateLimit-Limit":"50","X-RateLimit-Remain
   Rate limited, waiting 15s...
FAILED - skipping
Page 82 (82/2017) | 1,336 chars...    HTTP 429: {"error":{"message":"Rate limit exceeded: free-models-per-day. Add 10 credits to unlock 1000 free model requests per day","code":429,"metadata":{"headers":{"X-RateLimit-Limit":"50","X-RateLimit-Remain
   Rate limited, waiting 15s...
   HTTP 429: {"error":{"message":"Rate limit exceeded: free-models-per-day. Add 10 credits to unlock 1000 free model requests per day","code":429,"metadata":{"headers":{"X-RateLimit-Limit":"50","X-RateLimit-Remain
   Rate limited, waiting 15s...
   HTTP 429: {"error":{"message":"Rate limit exceeded: free-models-per-day. Add 10 credits to unlock 1000 free model requests per day","code":429,"metadata":{"headers":{"X-RateLimit-Limit":"50","X-RateLimit-Remain
   Rate limited, waiting 15s...
FAILED - skipping
Page 83 (83/2017) | 1,211 chars...    HTTP 429: {"error":{"message":"Rate limit exceeded: free-models-per-day. Add 10 credits to unlock 1000 free model requests per day","code":429,"metadata":{"headers":{"X-RateLimit-Limit":"50","X-RateLimit-Remain
   Rate limited, waiting 15s...
   HTTP 429: {"error":{"message":"Rate limit exceeded: free-models-per-day. Add 10 credits to unlock 1000 free model requests per day","code":429,"metadata":{"headers":{"X-RateLimit-Limit":"50","X-RateLimit-Remain
   Rate limited, waiting 15s...
   HTTP 429: {"error":{"message":"Rate limit exceeded: free-models-per-day. Add 10 credits to unlock 1000 free model requests per day","code":429,"metadata":{"headers":{"X-RateLimit-Limit":"50","X-RateLimit-Remain
   Rate limited, waiting 15s...
FAILED - skipping
Page 84 (84/2017) | 1,141 chars...    HTTP 429: {"error":{"message":"Rate limit exceeded: free-models-per-day. Add 10 credits to unlock 1000 free model requests per day","code":429,"metadata":{"headers":{"X-RateLimit-Limit":"50","X-RateLimit-Remain
   Rate limited, waiting 15s...
   HTTP 429: {"error":{"message":"Rate limit exceeded: free-models-per-day. Add 10 credits to unlock 1000 free model requests per day","code":429,"metadata":{"headers":{"X-RateLimit-Limit":"50","X-RateLimit-Remain
   Rate limited, waiting 15s...
   HTTP 429: {"error":{"message":"Rate limit exceeded: free-models-per-day. Add 10 credits to unlock 1000 free model requests per day","code":429,"metadata":{"headers":{"X-RateLimit-Limit":"50","X-RateLimit-Remain
   Rate limited, waiting 15s...
FAILED - skipping
Page 85 (85/2017) | 1,590 chars...    HTTP 429: {"error":{"message":"Rate limit exceeded: free-models-per-day. Add 10 credits to unlock 1000 free model requests per day","code":429,"metadata":{"headers":{"X-RateLimit-Limit":"50","X-RateLimit-Remain
   Rate limited, waiting 15s...
   HTTP 429: {"error":{"message":"Rate limit exceeded: free-models-per-day. Add 10 credits to unlock 1000 free model requests per day","code":429,"metadata":{"headers":{"X-RateLimit-Limit":"50","X-RateLimit-Remain
   Rate limited, waiting 15s...
   HTTP 429: {"error":{"message":"Rate limit exceeded: free-models-per-day. Add 10 credits to unlock 1000 free model requests per day","code":429,"metadata":{"headers":{"X-RateLimit-Limit":"50","X-RateLimit-Remain
   Rate limited, waiting 15s...
FAILED - skipping
Page 86 (86/2017) | 1,814 chars...    HTTP 429: {"error":{"message":"Rate limit exceeded: free-models-per-day. Add 10 credits to unlock 1000 free model requests per day","code":429,"metadata":{"headers":{"X-RateLimit-Limit":"50","X-RateLimit-Remain
   Rate limited, waiting 15s...
   HTTP 429: {"error":{"message":"Rate limit exceeded: free-models-per-day. Add 10 credits to unlock 1000 free model requests per day","code":429,"metadata":{"headers":{"X-RateLimit-Limit":"50","X-RateLimit-Remain
   Rate limited, waiting 15s...
   HTTP 429: {"error":{"message":"Rate limit exceeded: free-models-per-day. Add 10 credits to unlock 1000 free model requests per day","code":429,"metadata":{"headers":{"X-RateLimit-Limit":"50","X-RateLimit-Remain
   Rate limited, waiting 15s...
FAILED - skipping
Page 87 (87/2017) | 1,435 chars...    HTTP 429: {"error":{"message":"Rate limit exceeded: free-models-per-day. Add 10 credits to unlock 1000 free model requests per day","code":429,"metadata":{"headers":{"X-RateLimit-Limit":"50","X-RateLimit-Remain
   Rate limited, waiting 15s...
   HTTP 429: {"error":{"message":"Rate limit exceeded: free-models-per-day. Add 10 credits to unlock 1000 free model requests per day","code":429,"metadata":{"headers":{"X-RateLimit-Limit":"50","X-RateLimit-Remain
   Rate limited, waiting 15s...
   HTTP 429: {"error":{"message":"Rate limit exceeded: free-models-per-day. Add 10 credits to unlock 1000 free model requests per day","code":429,"metadata":{"headers":{"X-RateLimit-Limit":"50","X-RateLimit-Remain
   Rate limited, waiting 15s...
FAILED - skipping
Page 88 (88/2017) | 2,005 chars...    HTTP 429: {"error":{"message":"Rate limit exceeded: free-models-per-day. Add 10 credits to unlock 1000 free model requests per day","code":429,"metadata":{"headers":{"X-RateLimit-Limit":"50","X-RateLimit-Remain
   Rate limited, waiting 15s...
   HTTP 429: {"error":{"message":"Rate limit exceeded: free-models-per-day. Add 10 credits to unlock 1000 free model requests per day","code":429,"metadata":{"headers":{"X-RateLimit-Limit":"50","X-RateLimit-Remain
   Rate limited, waiting 15s...
   HTTP 429: {"error":{"message":"Rate limit exceeded: free-models-per-day. Add 10 credits to unlock 1000 free model requests per day","code":429,"metadata":{"headers":{"X-RateLimit-Limit":"50","X-RateLimit-Remain
   Rate limited, waiting 15s...
FAILED - skipping
Page 89 (89/2017) | 869 chars...    HTTP 429: {"error":{"message":"Rate limit exceeded: free-models-per-day. Add 10 credits to unlock 1000 free model requests per day","code":429,"metadata":{"headers":{"X-RateLimit-Limit":"50","X-RateLimit-Remain
   Rate limited, waiting 15s...
   HTTP 429: {"error":{"message":"Rate limit exceeded: free-models-per-day. Add 10 credits to unlock 1000 free model requests per day","code":429,"metadata":{"headers":{"X-RateLimit-Limit":"50","X-RateLimit-Remain
   Rate limited, waiting 15s...
   HTTP 429: {"error":{"message":"Rate limit exceeded: free-models-per-day. Add 10 credits to unlock 1000 free model requests per day","code":429,"metadata":{"headers":{"X-RateLimit-Limit":"50","X-RateLimit-Remain
   Rate limited, waiting 15s...
FAILED - skipping
Page 90 (90/2017) | 1,137 chars...    HTTP 429: {"error":{"message":"Rate limit exceeded: free-models-per-day. Add 10 credits to unlock 1000 free model requests per day","code":429,"metadata":{"headers":{"X-RateLimit-Limit":"50","X-RateLimit-Remain
   Rate limited, waiting 15s...
   HTTP 429: {"error":{"message":"Rate limit exceeded: free-models-per-day. Add 10 credits to unlock 1000 free model requests per day","code":429,"metadata":{"headers":{"X-RateLimit-Limit":"50","X-RateLimit-Remain
   Rate limited, waiting 15s...
   HTTP 429: {"error":{"message":"Rate limit exceeded: free-models-per-day. Add 10 credits to unlock 1000 free model requests per day","code":429,"metadata":{"headers":{"X-RateLimit-Limit":"50","X-RateLimit-Remain
   Rate limited, waiting 15s...
FAILED - skipping
Page 91 (91/2017) | 1,788 chars...    HTTP 429: {"error":{"message":"Rate limit exceeded: free-models-per-day. Add 10 credits to unlock 1000 free model requests per day","code":429,"metadata":{"headers":{"X-RateLimit-Limit":"50","X-RateLimit-Remain
   Rate limited, waiting 15s...
   HTTP 429: {"error":{"message":"Rate limit exceeded: free-models-per-day. Add 10 credits to unlock 1000 free model requests per day","code":429,"metadata":{"headers":{"X-RateLimit-Limit":"50","X-RateLimit-Remain
   Rate limited, waiting 15s...
   HTTP 429: {"error":{"message":"Rate limit exceeded: free-models-per-day. Add 10 credits to unlock 1000 free model requests per day","code":429,"metadata":{"headers":{"X-RateLimit-Limit":"50","X-RateLimit-Remain
   Rate limited, waiting 15s...
FAILED - skipping
Page 92 (92/2017) | 988 chars...    HTTP 429: {"error":{"message":"Rate limit exceeded: free-models-per-day. Add 10 credits to unlock 1000 free model requests per day","code":429,"metadata":{"headers":{"X-RateLimit-Limit":"50","X-RateLimit-Remain
   Rate limited, waiting 15s...
   HTTP 429: {"error":{"message":"Rate limit exceeded: free-models-per-day. Add 10 credits to unlock 1000 free model requests per day","code":429,"metadata":{"headers":{"X-RateLimit-Limit":"50","X-RateLimit-Remain
   Rate limited, waiting 15s...
   HTTP 429: {"error":{"message":"Rate limit exceeded: free-models-per-day. Add 10 credits to unlock 1000 free model requests per day","code":429,"metadata":{"headers":{"X-RateLimit-Limit":"50","X-RateLimit-Remain
   Rate limited, waiting 15s...
FAILED - skipping
Page 93 (93/2017) | 725 chars...    HTTP 429: {"error":{"message":"Rate limit exceeded: free-models-per-day. Add 10 credits to unlock 1000 free model requests per day","code":429,"metadata":{"headers":{"X-RateLimit-Limit":"50","X-RateLimit-Remain
   Rate limited, waiting 15s...
   HTTP 429: {"error":{"message":"Rate limit exceeded: free-models-per-day. Add 10 credits to unlock 1000 free model requests per day","code":429,"metadata":{"headers":{"X-RateLimit-Limit":"50","X-RateLimit-Remain
   Rate limited, waiting 15s...
   HTTP 429: {"error":{"message":"Rate limit exceeded: free-models-per-day. Add 10 credits to unlock 1000 free model requests per day","code":429,"metadata":{"headers":{"X-RateLimit-Limit":"50","X-RateLimit-Remain
   Rate limited, waiting 15s...
FAILED - skipping
Page 94 (94/2017) | 1,209 chars...    HTTP 429: {"error":{"message":"Rate limit exceeded: free-models-per-day. Add 10 credits to unlock 1000 free model requests per day","code":429,"metadata":{"headers":{"X-RateLimit-Limit":"50","X-RateLimit-Remain
   Rate limited, waiting 15s...
   HTTP 429: {"error":{"message":"Rate limit exceeded: free-models-per-day. Add 10 credits to unlock 1000 free model requests per day","code":429,"metadata":{"headers":{"X-RateLimit-Limit":"50","X-RateLimit-Remain
   Rate limited, waiting 15s...
   HTTP 429: {"error":{"message":"Rate limit exceeded: free-models-per-day. Add 10 credits to unlock 1000 free model requests per day","code":429,"metadata":{"headers":{"X-RateLimit-Limit":"50","X-RateLimit-Remain
   Rate limited, waiting 15s...
FAILED - skipping
Page 95 (95/2017) | 1,071 chars...    HTTP 429: {"error":{"message":"Rate limit exceeded: free-models-per-day. Add 10 credits to unlock 1000 free model requests per day","code":429,"metadata":{"headers":{"X-RateLimit-Limit":"50","X-RateLimit-Remain
   Rate limited, waiting 15s...
   HTTP 429: {"error":{"message":"Rate limit exceeded: free-models-per-day. Add 10 credits to unlock 1000 free model requests per day","code":429,"metadata":{"headers":{"X-RateLimit-Limit":"50","X-RateLimit-Remain
   Rate limited, waiting 15s...
   HTTP 429: {"error":{"message":"Rate limit exceeded: free-models-per-day. Add 10 credits to unlock 1000 free model requests per day","code":429,"metadata":{"headers":{"X-RateLimit-Limit":"50","X-RateLimit-Remain
   Rate limited, waiting 15s...
FAILED - skipping
Page 96 (96/2017) | 1,141 chars...    HTTP 429: {"error":{"message":"Rate limit exceeded: free-models-per-day. Add 10 credits to unlock 1000 free model requests per day","code":429,"metadata":{"headers":{"X-RateLimit-Limit":"50","X-RateLimit-Remain
   Rate limited, waiting 15s...
   HTTP 429: {"error":{"message":"Rate limit exceeded: free-models-per-day. Add 10 credits to unlock 1000 free model requests per day","code":429,"metadata":{"headers":{"X-RateLimit-Limit":"50","X-RateLimit-Remain
   Rate limited, waiting 15s...
   HTTP 429: {"error":{"message":"Rate limit exceeded: free-models-per-day. Add 10 credits to unlock 1000 free model requests per day","code":429,"metadata":{"headers":{"X-RateLimit-Limit":"50","X-RateLimit-Remain
   Rate limited, waiting 15s...
FAILED - skipping
Page 97 (97/2017) | 568 chars...    HTTP 429: {"error":{"message":"Rate limit exceeded: free-models-per-day. Add 10 credits to unlock 1000 free model requests per day","code":429,"metadata":{"headers":{"X-RateLimit-Limit":"50","X-RateLimit-Remain
   Rate limited, waiting 15s...
   HTTP 429: {"error":{"message":"Rate limit exceeded: free-models-per-day. Add 10 credits to unlock 1000 free model requests per day","code":429,"metadata":{"headers":{"X-RateLimit-Limit":"50","X-RateLimit-Remain
   Rate limited, waiting 15s...
   HTTP 429: {"error":{"message":"Rate limit exceeded: free-models-per-day. Add 10 credits to unlock 1000 free model requests per day","code":429,"metadata":{"headers":{"X-RateLimit-Limit":"50","X-RateLimit-Remain
   Rate limited, waiting 15s...
FAILED - skipping
Page 98 (98/2017) | 1,453 chars...    HTTP 429: {"error":{"message":"Rate limit exceeded: free-models-per-day. Add 10 credits to unlock 1000 free model requests per day","code":429,"metadata":{"headers":{"X-RateLimit-Limit":"50","X-RateLimit-Remain
   Rate limited, waiting 15s...
   HTTP 429: {"error":{"message":"Rate limit exceeded: free-models-per-day. Add 10 credits to unlock 1000 free model requests per day","code":429,"metadata":{"headers":{"X-RateLimit-Limit":"50","X-RateLimit-Remain
   Rate limited, waiting 15s...
   HTTP 429: {"error":{"message":"Rate limit exceeded: free-models-per-day. Add 10 credits to unlock 1000 free model requests per day","code":429,"metadata":{"headers":{"X-RateLimit-Limit":"50","X-RateLimit-Remain
   Rate limited, waiting 15s...
FAILED - skipping
Page 99 (99/2017) | 848 chars...    HTTP 429: {"error":{"message":"Rate limit exceeded: free-models-per-day. Add 10 credits to unlock 1000 free model requests per day","code":429,"metadata":{"headers":{"X-RateLimit-Limit":"50","X-RateLimit-Remain
   Rate limited, waiting 15s...
   HTTP 429: {"error":{"message":"Rate limit exceeded: free-models-per-day. Add 10 credits to unlock 1000 free model requests per day","code":429,"metadata":{"headers":{"X-RateLimit-Limit":"50","X-RateLimit-Remain
   Rate limited, waiting 15s...
   HTTP 429: {"error":{"message":"Rate limit exceeded: free-models-per-day. Add 10 credits to unlock 1000 free model requests per day","code":429,"metadata":{"headers":{"X-RateLimit-Limit":"50","X-RateLimit-Remain
   Rate limited, waiting 15s...
FAILED - skipping
Page 100 (100/2017) | 1,403 chars...    HTTP 429: {"error":{"message":"Rate limit exceeded: free-models-per-day. Add 10 credits to unlock 1000 free model requests per day","code":429,"metadata":{"headers":{"X-RateLimit-Limit":"50","X-RateLimit-Remain
   Rate limited, waiting 15s...
   HTTP 429: {"error":{"message":"Rate limit exceeded: free-models-per-day. Add 10 credits to unlock 1000 free model requests per day","code":429,"metadata":{"headers":{"X-RateLimit-Limit":"50","X-RateLimit-Remain
   Rate limited, waiting 15s...
   HTTP 429: {"error":{"message":"Rate limit exceeded: free-models-per-day. Add 10 credits to unlock 1000 free model requests per day","code":429,"metadata":{"headers":{"X-RateLimit-Limit":"50","X-RateLimit-Remain
   Rate limited, waiting 15s...
FAILED - skipping
Page 101 (101/2017) | 1,709 chars...    HTTP 429: {"error":{"message":"Rate limit exceeded: free-models-per-day. Add 10 credits to unlock 1000 free model requests per day","code":429,"metadata":{"headers":{"X-RateLimit-Limit":"50","X-RateLimit-Remain
   Rate limited, waiting 15s...
   HTTP 429: {"error":{"message":"Rate limit exceeded: free-models-per-day. Add 10 credits to unlock 1000 free model requests per day","code":429,"metadata":{"headers":{"X-RateLimit-Limit":"50","X-RateLimit-Remain
   Rate limited, waiting 15s...
   HTTP 429: {"error":{"message":"Rate limit exceeded: free-models-per-day. Add 10 credits to unlock 1000 free model requests per day","code":429,"metadata":{"headers":{"X-RateLimit-Limit":"50","X-RateLimit-Remain
   Rate limited, waiting 15s...
FAILED - skipping
Page 102 (102/2017) | 1,547 chars...    HTTP 429: {"error":{"message":"Rate limit exceeded: free-models-per-day. Add 10 credits to unlock 1000 free model requests per day","code":429,"metadata":{"headers":{"X-RateLimit-Limit":"50","X-RateLimit-Remain
   Rate limited, waiting 15s...
   HTTP 429: {"error":{"message":"Rate limit exceeded: free-models-per-day. Add 10 credits to unlock 1000 free model requests per day","code":429,"metadata":{"headers":{"X-RateLimit-Limit":"50","X-RateLimit-Remain
   Rate limited, waiting 15s...
   HTTP 429: {"error":{"message":"Rate limit exceeded: free-models-per-day. Add 10 credits to unlock 1000 free model requests per day","code":429,"metadata":{"headers":{"X-RateLimit-Limit":"50","X-RateLimit-Remain
   Rate limited, waiting 15s...
FAILED - skipping
Page 103 (103/2017) | 651 chars...    HTTP 429: {"error":{"message":"Rate limit exceeded: free-models-per-day. Add 10 credits to unlock 1000 free model requests per day","code":429,"metadata":{"headers":{"X-RateLimit-Limit":"50","X-RateLimit-Remain
   Rate limited, waiting 15s...
   HTTP 429: {"error":{"message":"Rate limit exceeded: free-models-per-day. Add 10 credits to unlock 1000 free model requests per day","code":429,"metadata":{"headers":{"X-RateLimit-Limit":"50","X-RateLimit-Remain
   Rate limited, waiting 15s...
   HTTP 429: {"error":{"message":"Rate limit exceeded: free-models-per-day. Add 10 credits to unlock 1000 free model requests per day","code":429,"metadata":{"headers":{"X-RateLimit-Limit":"50","X-RateLimit-Remain
   Rate limited, waiting 15s...
FAILED - skipping
Page 104 (104/2017) | 978 chars...    HTTP 429: {"error":{"message":"Rate limit exceeded: free-models-per-day. Add 10 credits to unlock 1000 free model requests per day","code":429,"metadata":{"headers":{"X-RateLimit-Limit":"50","X-RateLimit-Remain
   Rate limited, waiting 15s...
   HTTP 429: {"error":{"message":"Rate limit exceeded: free-models-per-day. Add 10 credits to unlock 1000 free model requests per day","code":429,"metadata":{"headers":{"X-RateLimit-Limit":"50","X-RateLimit-Remain
   Rate limited, waiting 15s...
   HTTP 429: {"error":{"message":"Rate limit exceeded: free-models-per-day. Add 10 credits to unlock 1000 free model requests per day","code":429,"metadata":{"headers":{"X-RateLimit-Limit":"50","X-RateLimit-Remain
   Rate limited, waiting 15s...
FAILED - skipping
Page 105 (105/2017) | 1,205 chars...    HTTP 429: {"error":{"message":"Rate limit exceeded: free-models-per-day. Add 10 credits to unlock 1000 free model requests per day","code":429,"metadata":{"headers":{"X-RateLimit-Limit":"50","X-RateLimit-Remain
   Rate limited, waiting 15s...
   HTTP 429: {"error":{"message":"Rate limit exceeded: free-models-per-day. Add 10 credits to unlock 1000 free model requests per day","code":429,"metadata":{"headers":{"X-RateLimit-Limit":"50","X-RateLimit-Remain
   Rate limited, waiting 15s...
   HTTP 429: {"error":{"message":"Rate limit exceeded: free-models-per-day. Add 10 credits to unlock 1000 free model requests per day","code":429,"metadata":{"headers":{"X-RateLimit-Limit":"50","X-RateLimit-Remain
   Rate limited, waiting 15s...
FAILED - skipping
Page 106 (106/2017) | 1,005 chars...    HTTP 429: {"error":{"message":"Rate limit exceeded: free-models-per-day. Add 10 credits to unlock 1000 free model requests per day","code":429,"metadata":{"headers":{"X-RateLimit-Limit":"50","X-RateLimit-Remain
   Rate limited, waiting 15s...
   HTTP 429: {"error":{"message":"Rate limit exceeded: free-models-per-day. Add 10 credits to unlock 1000 free model requests per day","code":429,"metadata":{"headers":{"X-RateLimit-Limit":"50","X-RateLimit-Remain
   Rate limited, waiting 15s...
   HTTP 429: {"error":{"message":"Rate limit exceeded: free-models-per-day. Add 10 credits to unlock 1000 free model requests per day","code":429,"metadata":{"headers":{"X-RateLimit-Limit":"50","X-RateLimit-Remain
   Rate limited, waiting 15s...
FAILED - skipping
Page 107 (107/2017) | 1,148 chars...    HTTP 429: {"error":{"message":"Rate limit exceeded: free-models-per-day. Add 10 credits to unlock 1000 free model requests per day","code":429,"metadata":{"headers":{"X-RateLimit-Limit":"50","X-RateLimit-Remain
   Rate limited, waiting 15s...
   HTTP 429: {"error":{"message":"Rate limit exceeded: free-models-per-day. Add 10 credits to unlock 1000 free model requests per day","code":429,"metadata":{"headers":{"X-RateLimit-Limit":"50","X-RateLimit-Remain
   Rate limited, waiting 15s...
   HTTP 429: {"error":{"message":"Rate limit exceeded: free-models-per-day. Add 10 credits to unlock 1000 free model requests per day","code":429,"metadata":{"headers":{"X-RateLimit-Limit":"50","X-RateLimit-Remain
   Rate limited, waiting 15s...
FAILED - skipping
Page 108 (108/2017) | 1,882 chars...    HTTP 429: {"error":{"message":"Rate limit exceeded: free-models-per-day. Add 10 credits to unlock 1000 free model requests per day","code":429,"metadata":{"headers":{"X-RateLimit-Limit":"50","X-RateLimit-Remain
   Rate limited, waiting 15s...
   HTTP 429: {"error":{"message":"Rate limit exceeded: free-models-per-day. Add 10 credits to unlock 1000 free model requests per day","code":429,"metadata":{"headers":{"X-RateLimit-Limit":"50","X-RateLimit-Remain
   Rate limited, waiting 15s...
   HTTP 429: {"error":{"message":"Rate limit exceeded: free-models-per-day. Add 10 credits to unlock 1000 free model requests per day","code":429,"metadata":{"headers":{"X-RateLimit-Limit":"50","X-RateLimit-Remain
   Rate limited, waiting 15s...
FAILED - skipping
Page 109 (109/2017) | 2,072 chars...    HTTP 429: {"error":{"message":"Rate limit exceeded: free-models-per-day. Add 10 credits to unlock 1000 free model requests per day","code":429,"metadata":{"headers":{"X-RateLimit-Limit":"50","X-RateLimit-Remain
   Rate limited, waiting 15s...
   HTTP 429: {"error":{"message":"Rate limit exceeded: free-models-per-day. Add 10 credits to unlock 1000 free model requests per day","code":429,"metadata":{"headers":{"X-RateLimit-Limit":"50","X-RateLimit-Remain
   Rate limited, waiting 15s...
   HTTP 429: {"error":{"message":"Rate limit exceeded: free-models-per-day. Add 10 credits to unlock 1000 free model requests per day","code":429,"metadata":{"headers":{"X-RateLimit-Limit":"50","X-RateLimit-Remain
   Rate limited, waiting 15s...
FAILED - skipping
Page 110 (110/2017) | 1,294 chars...    HTTP 429: {"error":{"message":"Rate limit exceeded: free-models-per-day. Add 10 credits to unlock 1000 free model requests per day","code":429,"metadata":{"headers":{"X-RateLimit-Limit":"50","X-RateLimit-Remain
   Rate limited, waiting 15s...
   HTTP 429: {"error":{"message":"Rate limit exceeded: free-models-per-day. Add 10 credits to unlock 1000 free model requests per day","code":429,"metadata":{"headers":{"X-RateLimit-Limit":"50","X-RateLimit-Remain
   Rate limited, waiting 15s...
   HTTP 429: {"error":{"message":"Rate limit exceeded: free-models-per-day. Add 10 credits to unlock 1000 free model requests per day","code":429,"metadata":{"headers":{"X-RateLimit-Limit":"50","X-RateLimit-Remain
   Rate limited, waiting 15s...
FAILED - skipping
Page 111 (111/2017) | 1,041 chars...    HTTP 429: {"error":{"message":"Rate limit exceeded: free-models-per-day. Add 10 credits to unlock 1000 free model requests per day","code":429,"metadata":{"headers":{"X-RateLimit-Limit":"50","X-RateLimit-Remain
   Rate limited, waiting 15s...
   HTTP 429: {"error":{"message":"Rate limit exceeded: free-models-per-day. Add 10 credits to unlock 1000 free model requests per day","code":429,"metadata":{"headers":{"X-RateLimit-Limit":"50","X-RateLimit-Remain
   Rate limited, waiting 15s...
   HTTP 429: {"error":{"message":"Rate limit exceeded: free-models-per-day. Add 10 credits to unlock 1000 free model requests per day","code":429,"metadata":{"headers":{"X-RateLimit-Limit":"50","X-RateLimit-Remain
   Rate limited, waiting 15s...
FAILED - skipping
Page 112 (112/2017) | 1,095 chars...    HTTP 429: {"error":{"message":"Rate limit exceeded: free-models-per-day. Add 10 credits to unlock 1000 free model requests per day","code":429,"metadata":{"headers":{"X-RateLimit-Limit":"50","X-RateLimit-Remain
   Rate limited, waiting 15s...
   HTTP 429: {"error":{"message":"Rate limit exceeded: free-models-per-day. Add 10 credits to unlock 1000 free model requests per day","code":429,"metadata":{"headers":{"X-RateLimit-Limit":"50","X-RateLimit-Remain
   Rate limited, waiting 15s...
   HTTP 429: {"error":{"message":"Rate limit exceeded: free-models-per-day. Add 10 credits to unlock 1000 free model requests per day","code":429,"metadata":{"headers":{"X-RateLimit-Limit":"50","X-RateLimit-Remain
   Rate limited, waiting 15s...
FAILED - skipping
Page 113 (113/2017) | 937 chars...    HTTP 429: {"error":{"message":"Rate limit exceeded: free-models-per-day. Add 10 credits to unlock 1000 free model requests per day","code":429,"metadata":{"headers":{"X-RateLimit-Limit":"50","X-RateLimit-Remain
   Rate limited, waiting 15s...
   HTTP 429: {"error":{"message":"Rate limit exceeded: free-models-per-day. Add 10 credits to unlock 1000 free model requests per day","code":429,"metadata":{"headers":{"X-RateLimit-Limit":"50","X-RateLimit-Remain
   Rate limited, waiting 15s...
   HTTP 429: {"error":{"message":"Rate limit exceeded: free-models-per-day. Add 10 credits to unlock 1000 free model requests per day","code":429,"metadata":{"headers":{"X-RateLimit-Limit":"50","X-RateLimit-Remain
   Rate limited, waiting 15s...
FAILED - skipping
Page 114 (114/2017) | 1,218 chars...    HTTP 429: {"error":{"message":"Rate limit exceeded: free-models-per-day. Add 10 credits to unlock 1000 free model requests per day","code":429,"metadata":{"headers":{"X-RateLimit-Limit":"50","X-RateLimit-Remain
   Rate limited, waiting 15s...
   HTTP 429: {"error":{"message":"Rate limit exceeded: free-models-per-day. Add 10 credits to unlock 1000 free model requests per day","code":429,"metadata":{"headers":{"X-RateLimit-Limit":"50","X-RateLimit-Remain
   Rate limited, waiting 15s...
   HTTP 429: {"error":{"message":"Rate limit exceeded: free-models-per-day. Add 10 credits to unlock 1000 free model requests per day","code":429,"metadata":{"headers":{"X-RateLimit-Limit":"50","X-RateLimit-Remain
   Rate limited, waiting 15s...
FAILED - skipping
Page 115 (115/2017) | 1,020 chars...    HTTP 429: {"error":{"message":"Rate limit exceeded: free-models-per-day. Add 10 credits to unlock 1000 free model requests per day","code":429,"metadata":{"headers":{"X-RateLimit-Limit":"50","X-RateLimit-Remain
   Rate limited, waiting 15s...
   HTTP 429: {"error":{"message":"Rate limit exceeded: free-models-per-day. Add 10 credits to unlock 1000 free model requests per day","code":429,"metadata":{"headers":{"X-RateLimit-Limit":"50","X-RateLimit-Remain
   Rate limited, waiting 15s...
   HTTP 429: {"error":{"message":"Rate limit exceeded: free-models-per-day. Add 10 credits to unlock 1000 free model requests per day","code":429,"metadata":{"headers":{"X-RateLimit-Limit":"50","X-RateLimit-Remain
   Rate limited, waiting 15s...
FAILED - skipping
Page 116 (116/2017) | 1,144 chars...    HTTP 429: {"error":{"message":"Rate limit exceeded: free-models-per-day. Add 10 credits to unlock 1000 free model requests per day","code":429,"metadata":{"headers":{"X-RateLimit-Limit":"50","X-RateLimit-Remain
   Rate limited, waiting 15s...
   HTTP 429: {"error":{"message":"Rate limit exceeded: free-models-per-day. Add 10 credits to unlock 1000 free model requests per day","code":429,"metadata":{"headers":{"X-RateLimit-Limit":"50","X-RateLimit-Remain
   Rate limited, waiting 15s...
   HTTP 429: {"error":{"message":"Rate limit exceeded: free-models-per-day. Add 10 credits to unlock 1000 free model requests per day","code":429,"metadata":{"headers":{"X-RateLimit-Limit":"50","X-RateLimit-Remain
   Rate limited, waiting 15s...
FAILED - skipping
Page 117 (117/2017) | 1,857 chars...    HTTP 429: {"error":{"message":"Rate limit exceeded: free-models-per-day. Add 10 credits to unlock 1000 free model requests per day","code":429,"metadata":{"headers":{"X-RateLimit-Limit":"50","X-RateLimit-Remain
   Rate limited, waiting 15s...
   HTTP 429: {"error":{"message":"Rate limit exceeded: free-models-per-day. Add 10 credits to unlock 1000 free model requests per day","code":429,"metadata":{"headers":{"X-RateLimit-Limit":"50","X-RateLimit-Remain
   Rate limited, waiting 15s...
   HTTP 429: {"error":{"message":"Rate limit exceeded: free-models-per-day. Add 10 credits to unlock 1000 free model requests per day","code":429,"metadata":{"headers":{"X-RateLimit-Limit":"50","X-RateLimit-Remain
   Rate limited, waiting 15s...
FAILED - skipping
Page 118 (118/2017) | 1,754 chars...    HTTP 429: {"error":{"message":"Rate limit exceeded: free-models-per-day. Add 10 credits to unlock 1000 free model requests per day","code":429,"metadata":{"headers":{"X-RateLimit-Limit":"50","X-RateLimit-Remain
   Rate limited, waiting 15s...
   HTTP 429: {"error":{"message":"Rate limit exceeded: free-models-per-day. Add 10 credits to unlock 1000 free model requests per day","code":429,"metadata":{"headers":{"X-RateLimit-Limit":"50","X-RateLimit-Remain
   Rate limited, waiting 15s...
   HTTP 429: {"error":{"message":"Rate limit exceeded: free-models-per-day. Add 10 credits to unlock 1000 free model requests per day","code":429,"metadata":{"headers":{"X-RateLimit-Limit":"50","X-RateLimit-Remain
   Rate limited, waiting 15s...
FAILED - skipping
Page 119 (119/2017) | 1,669 chars...    HTTP 429: {"error":{"message":"Rate limit exceeded: free-models-per-day. Add 10 credits to unlock 1000 free model requests per day","code":429,"metadata":{"headers":{"X-RateLimit-Limit":"50","X-RateLimit-Remain
   Rate limited, waiting 15s...
   HTTP 429: {"error":{"message":"Rate limit exceeded: free-models-per-day. Add 10 credits to unlock 1000 free model requests per day","code":429,"metadata":{"headers":{"X-RateLimit-Limit":"50","X-RateLimit-Remain
   Rate limited, waiting 15s...
   HTTP 429: {"error":{"message":"Rate limit exceeded: free-models-per-day. Add 10 credits to unlock 1000 free model requests per day","code":429,"metadata":{"headers":{"X-RateLimit-Limit":"50","X-RateLimit-Remain
   Rate limited, waiting 15s...
FAILED - skipping
Page 120 (120/2017) | 1,399 chars...    HTTP 429: {"error":{"message":"Rate limit exceeded: free-models-per-day. Add 10 credits to unlock 1000 free model requests per day","code":429,"metadata":{"headers":{"X-RateLimit-Limit":"50","X-RateLimit-Remain
   Rate limited, waiting 15s...
   HTTP 429: {"error":{"message":"Rate limit exceeded: free-models-per-day. Add 10 credits to unlock 1000 free model requests per day","code":429,"metadata":{"headers":{"X-RateLimit-Limit":"50","X-RateLimit-Remain
   Rate limited, waiting 15s...
   HTTP 429: {"error":{"message":"Rate limit exceeded: free-models-per-day. Add 10 credits to unlock 1000 free model requests per day","code":429,"metadata":{"headers":{"X-RateLimit-Limit":"50","X-RateLimit-Remain
   Rate limited, waiting 15s...
FAILED - skipping
Page 121 (121/2017) | 2,281 chars...    HTTP 429: {"error":{"message":"Rate limit exceeded: free-models-per-day. Add 10 credits to unlock 1000 free model requests per day","code":429,"metadata":{"headers":{"X-RateLimit-Limit":"50","X-RateLimit-Remain
   Rate limited, waiting 15s...
   HTTP 429: {"error":{"message":"Rate limit exceeded: free-models-per-day. Add 10 credits to unlock 1000 free model requests per day","code":429,"metadata":{"headers":{"X-RateLimit-Limit":"50","X-RateLimit-Remain
   Rate limited, waiting 15s...
   HTTP 429: {"error":{"message":"Rate limit exceeded: free-models-per-day. Add 10 credits to unlock 1000 free model requests per day","code":429,"metadata":{"headers":{"X-RateLimit-Limit":"50","X-RateLimit-Remain
   Rate limited, waiting 15s...
FAILED - skipping
Page 122 (122/2017) | 1,395 chars...    HTTP 429: {"error":{"message":"Rate limit exceeded: free-models-per-day. Add 10 credits to unlock 1000 free model requests per day","code":429,"metadata":{"headers":{"X-RateLimit-Limit":"50","X-RateLimit-Remain
   Rate limited, waiting 15s...
   HTTP 429: {"error":{"message":"Rate limit exceeded: free-models-per-day. Add 10 credits to unlock 1000 free model requests per day","code":429,"metadata":{"headers":{"X-RateLimit-Limit":"50","X-RateLimit-Remain
   Rate limited, waiting 15s...
   HTTP 429: {"error":{"message":"Rate limit exceeded: free-models-per-day. Add 10 credits to unlock 1000 free model requests per day","code":429,"metadata":{"headers":{"X-RateLimit-Limit":"50","X-RateLimit-Remain
   Rate limited, waiting 15s...
FAILED - skipping
Page 123 (123/2017) | 1,305 chars...    HTTP 429: {"error":{"message":"Rate limit exceeded: free-models-per-day. Add 10 credits to unlock 1000 free model requests per day","code":429,"metadata":{"headers":{"X-RateLimit-Limit":"50","X-RateLimit-Remain
   Rate limited, waiting 15s...
   HTTP 429: {"error":{"message":"Rate limit exceeded: free-models-per-day. Add 10 credits to unlock 1000 free model requests per day","code":429,"metadata":{"headers":{"X-RateLimit-Limit":"50","X-RateLimit-Remain
   Rate limited, waiting 15s...
   HTTP 429: {"error":{"message":"Rate limit exceeded: free-models-per-day. Add 10 credits to unlock 1000 free model requests per day","code":429,"metadata":{"headers":{"X-RateLimit-Limit":"50","X-RateLimit-Remain
   Rate limited, waiting 15s...
FAILED - skipping
Page 124 (124/2017) | 1,103 chars...    HTTP 429: {"error":{"message":"Rate limit exceeded: free-models-per-day. Add 10 credits to unlock 1000 free model requests per day","code":429,"metadata":{"headers":{"X-RateLimit-Limit":"50","X-RateLimit-Remain
   Rate limited, waiting 15s...
   HTTP 429: {"error":{"message":"Rate limit exceeded: free-models-per-day. Add 10 credits to unlock 1000 free model requests per day","code":429,"metadata":{"headers":{"X-RateLimit-Limit":"50","X-RateLimit-Remain
   Rate limited, waiting 15s...
   HTTP 429: {"error":{"message":"Rate limit exceeded: free-models-per-day. Add 10 credits to unlock 1000 free model requests per day","code":429,"metadata":{"headers":{"X-RateLimit-Limit":"50","X-RateLimit-Remain
   Rate limited, waiting 15s...
FAILED - skipping
Page 125 (125/2017) | 1,119 chars...    HTTP 429: {"error":{"message":"Rate limit exceeded: free-models-per-day. Add 10 credits to unlock 1000 free model requests per day","code":429,"metadata":{"headers":{"X-RateLimit-Limit":"50","X-RateLimit-Remain
   Rate limited, waiting 15s...
   HTTP 429: {"error":{"message":"Rate limit exceeded: free-models-per-day. Add 10 credits to unlock 1000 free model requests per day","code":429,"metadata":{"headers":{"X-RateLimit-Limit":"50","X-RateLimit-Remain
   Rate limited, waiting 15s...
   HTTP 429: {"error":{"message":"Rate limit exceeded: free-models-per-day. Add 10 credits to unlock 1000 free model requests per day","code":429,"metadata":{"headers":{"X-RateLimit-Limit":"50","X-RateLimit-Remain
   Rate limited, waiting 15s...
FAILED - skipping
Page 126 (126/2017) | 1,329 chars...    HTTP 429: {"error":{"message":"Rate limit exceeded: free-models-per-day. Add 10 credits to unlock 1000 free model requests per day","code":429,"metadata":{"headers":{"X-RateLimit-Limit":"50","X-RateLimit-Remain
   Rate limited, waiting 15s...
   HTTP 429: {"error":{"message":"Rate limit exceeded: free-models-per-day. Add 10 credits to unlock 1000 free model requests per day","code":429,"metadata":{"headers":{"X-RateLimit-Limit":"50","X-RateLimit-Remain
   Rate limited, waiting 15s...
   HTTP 429: {"error":{"message":"Rate limit exceeded: free-models-per-day. Add 10 credits to unlock 1000 free model requests per day","code":429,"metadata":{"headers":{"X-RateLimit-Limit":"50","X-RateLimit-Remain
   Rate limited, waiting 15s...
FAILED - skipping
Page 127 (127/2017) | 1,320 chars...    HTTP 429: {"error":{"message":"Rate limit exceeded: free-models-per-day. Add 10 credits to unlock 1000 free model requests per day","code":429,"metadata":{"headers":{"X-RateLimit-Limit":"50","X-RateLimit-Remain
   Rate limited, waiting 15s...
   HTTP 429: {"error":{"message":"Rate limit exceeded: free-models-per-day. Add 10 credits to unlock 1000 free model requests per day","code":429,"metadata":{"headers":{"X-RateLimit-Limit":"50","X-RateLimit-Remain
   Rate limited, waiting 15s...
   HTTP 429: {"error":{"message":"Rate limit exceeded: free-models-per-day. Add 10 credits to unlock 1000 free model requests per day","code":429,"metadata":{"headers":{"X-RateLimit-Limit":"50","X-RateLimit-Remain
   Rate limited, waiting 15s...
FAILED - skipping
Page 128 (128/2017) | 1,242 chars...    HTTP 429: {"error":{"message":"Rate limit exceeded: free-models-per-day. Add 10 credits to unlock 1000 free model requests per day","code":429,"metadata":{"headers":{"X-RateLimit-Limit":"50","X-RateLimit-Remain
   Rate limited, waiting 15s...
   HTTP 429: {"error":{"message":"Rate limit exceeded: free-models-per-day. Add 10 credits to unlock 1000 free model requests per day","code":429,"metadata":{"headers":{"X-RateLimit-Limit":"50","X-RateLimit-Remain
   Rate limited, waiting 15s...
   HTTP 429: {"error":{"message":"Rate limit exceeded: free-models-per-day. Add 10 credits to unlock 1000 free model requests per day","code":429,"metadata":{"headers":{"X-RateLimit-Limit":"50","X-RateLimit-Remain
   Rate limited, waiting 15s...
FAILED - skipping
Page 129 (129/2017) | 5 chars...    HTTP 429: {"error":{"message":"Rate limit exceeded: free-models-per-day. Add 10 credits to unlock 1000 free model requests per day","code":429,"metadata":{"headers":{"X-RateLimit-Limit":"50","X-RateLimit-Remain
   Rate limited, waiting 15s...
   HTTP 429: {"error":{"message":"Rate limit exceeded: free-models-per-day. Add 10 credits to unlock 1000 free model requests per day","code":429,"metadata":{"headers":{"X-RateLimit-Limit":"50","X-RateLimit-Remain
   Rate limited, waiting 15s...
   HTTP 429: {"error":{"message":"Rate limit exceeded: free-models-per-day. Add 10 credits to unlock 1000 free model requests per day","code":429,"metadata":{"headers":{"X-RateLimit-Limit":"50","X-RateLimit-Remain
   Rate limited, waiting 15s...
FAILED - skipping
Page 130 (130/2017) | 5 chars...    HTTP 429: {"error":{"message":"Rate limit exceeded: free-models-per-day. Add 10 credits to unlock 1000 free model requests per day","code":429,"metadata":{"headers":{"X-RateLimit-Limit":"50","X-RateLimit-Remain
   Rate limited, waiting 15s...
   HTTP 429: {"error":{"message":"Rate limit exceeded: free-models-per-day. Add 10 credits to unlock 1000 free model requests per day","code":429,"metadata":{"headers":{"X-RateLimit-Limit":"50","X-RateLimit-Remain
   Rate limited, waiting 15s...
   HTTP 429: {"error":{"message":"Rate limit exceeded: free-models-per-day. Add 10 credits to unlock 1000 free model requests per day","code":429,"metadata":{"headers":{"X-RateLimit-Limit":"50","X-RateLimit-Remain
   Rate limited, waiting 15s...
FAILED - skipping
Page 131 (131/2017) | 5 chars...    HTTP 429: {"error":{"message":"Rate limit exceeded: free-models-per-day. Add 10 credits to unlock 1000 free model requests per day","code":429,"metadata":{"headers":{"X-RateLimit-Limit":"50","X-RateLimit-Remain
   Rate limited, waiting 15s...
   HTTP 429: {"error":{"message":"Rate limit exceeded: free-models-per-day. Add 10 credits to unlock 1000 free model requests per day","code":429,"metadata":{"headers":{"X-RateLimit-Limit":"50","X-RateLimit-Remain
   Rate limited, waiting 15s...
   HTTP 429: {"error":{"message":"Rate limit exceeded: free-models-per-day. Add 10 credits to unlock 1000 free model requests per day","code":429,"metadata":{"headers":{"X-RateLimit-Limit":"50","X-RateLimit-Remain
   Rate limited, waiting 15s...
FAILED - skipping
Page 132 (132/2017) | 5 chars... 